*****************************************************************
      SolidWorks Corporation - IGES Processor Status Report
*****************************************************************
=================================================================
General Information
=================================================================
Sending System Product I.D.  : L12_50MM_ASM
Receiving System Product I.D.: L12_50MM_ASM
File Name                    : l12_50mm_in.igs
Sending System               : Pro/ENGINEER by Parametric Technology Corporation
Preprocessor Version         : 2004440
File Creation Date           : 161005.155113
Model Creation Date          : 161005.155113
Units                        : MM
Model Space Scale            : 1
Author                       : Mike
Organization                 : Unknown


=================================================================
Entity Processing Information
=================================================================


=================================================================
Precision analysis of IGES file:
=================================================================
  Most prevalent number of significant digits:              13
  Highest number of significant digits:                     13
  Average number of significant digits:                7.13103
  Maximum distance to origin:                          64.4967
  Minimum distance to origin:                             3.84
  Effective number of significant digits:              12.9482


=================================================================
Entity Summary
=================================================================
-----------------------------------------------------------------
Type Name                                         Count Converted
---- ----                                         ----- ---------
100  Arc                                           1208      1208
104  Conic arc                                       12        12
110  Line                                          2602      2602
120  Surface of revolution                          645       645
124  Transformation matrix                         1220      1220
126  Rational B-spline curve                        226       226
128  Rational B-spline surface                      488       488
186  Manifold Solid B-rep Object                     12        12
314  Color definition                               108       108
402  Associativity instance                          19        19
406  Property                                        19        19
502  Vertex list                                     21        21
504  Edge entity                                     21        21
508  Loop entity                                   1203      1203
510  Face entity                                   1133      1133
514  Shell entity                                    21        21
_________________________________________________________________


=================================================================
Result Summary
=================================================================
SolidWorks Feature Type                Count
-----------------------                -----
Solid feature(s)                       12
Surface feature(s)                     9
Curve/Sketch feature(s)                0
--------------------------------------------
Start time: Monday, October 24, 2016 09:55:01
Finish time: Monday, October 24, 2016 09:55:30
Processing time: 0 days, 00 hours, 00 mins, 29 secs
